C51 COMPILER V9.01   UI_SETTING                                                            04/04/2025 14:03:54 PAGE 1   


C51 COMPILER V9.01, COMPILATION OF MODULE UI_SETTING
OBJECT MODULE PLACED IN .\output\ui_setting.obj
COMPILER INVOKED BY: D:\ProgramFiles\KEIL4\C51\BIN\C51.EXE bsp\ui_setting.c BROWSE INCDIR(.\bsp) DEBUG OBJECTEXTEND PRIN
                    -T(.\listing\ui_setting.lst) OBJECT(.\output\ui_setting.obj)

line level    source

   1          #include "ui_setting.h"
   2          
   3          int cur_temp=27;
   4          int is_down=0;
   5          int dangwei = 0;
   6          
   7          void ui_setting(void)
   8          {
   9   1                int position=0;
  10   1                char show_temp[20]={0},char_down[20]={0};
  11   1                OLED_ShowString(40,0,"Setting",8);
  12   1                while(1)
  13   1                {
  14   2                      
  15   2                       if(position<3)
  16   2                       {
  17   3                              dangwei =position;
  18   3                       }
  19   2                       OLED_ShowString(0,1,position==0?">gear 1":" gear 1",8);                //30du
  20   2                       OLED_ShowString(0,2,position==1?">gear 2":" gear 2",8);            //70du                 
  21   2                       OLED_ShowString(0,3,position==2?">gear 3":" gear 3",8);                //100du 
  22   2      
  23   2                       if(position==3)
  24   2                       {
  25   3                              sprintf(show_temp,">const temp:%d",cur_temp);                   
  26   3                       }
  27   2                       else
  28   2                       {
  29   3                              sprintf(show_temp," const temp:%d",cur_temp);
  30   3                       }  
  31   2                       OLED_ShowString(0,4,show_temp,8);
  32   2      
  33   2      
  34   2                      if(position==4)
  35   2                      {
  36   3                               (is_down==0)?OLED_ShowString(0,5,">timed shutdown: NO",8):OLED_ShowString(0,5,">timed shutdown:YES",8)
             -;
  37   3                      }
  38   2                      else
  39   2                      {
  40   3                                (is_down==0)?OLED_ShowString(0,5," timed shutdown: NO",8):OLED_ShowString(0,5," timed shutdown:YES",8
             -);
  41   3                      }
  42   2      
  43   2                       if(KEY5==0)
  44   2                       {
  45   3                              delay_ms(2);
  46   3                              if(KEY5==0)
  47   3                              {
  48   4                                      position++;
  49   4                                      if(position==5)
  50   4                                      {
  51   5                                         position=4;
  52   5                                      }       
C51 COMPILER V9.01   UI_SETTING                                                            04/04/2025 14:03:54 PAGE 2   

  53   4                              }
  54   3                       }
  55   2      
  56   2                      if(KEY4==0)
  57   2                       {
  58   3                              delay_ms(2);
  59   3                              if(KEY4==0)
  60   3                              {
  61   4                                      position--;
  62   4                                      if(position<0)
  63   4                                      {
  64   5                                         position=0;
  65   5                                      }       
  66   4                              }
  67   3                       }
  68   2      
  69   2                       if(KEY1==0)
  70   2                       {
  71   3                              delay_ms(2);
  72   3                              if(KEY1==0)
  73   3                              {
  74   4                                      switch(position)
  75   4                                      {
  76   5                                              case 3:
  77   5                                                      cur_temp--;
  78   5                                                      if(cur_temp<0)
  79   5                                                              cur_temp=0;     
  80   5                                              break;
  81   5                                              case 4:
  82   5                                                      is_down=0;
  83   5                                              break;
  84   5                                      }
  85   4                              }                       
  86   3                       }
  87   2      
  88   2      
  89   2                       
  90   2                       if(KEY2==0)
  91   2                       {
  92   3                              delay_ms(2);
  93   3                              if(KEY2==0)
  94   3                              {
  95   4                                      switch(position)
  96   4                                      {
  97   5                                              case 3:
  98   5                                                      cur_temp++;
  99   5                                                      if(cur_temp>90)
 100   5                                                              cur_temp=90;    
 101   5                                              break;
 102   5                                              case 4:
 103   5                                                      is_down=1;
 104   5                                              break;
 105   5                                      }
 106   4                              }                       
 107   3                       }
 108   2      
 109   2                       if(KEY3==0)
 110   2                       {
 111   3                              delay_ms(2);
 112   3                              if(KEY3==0)
 113   3                              {
 114   4                                      OLED_Clear();
C51 COMPILER V9.01   UI_SETTING                                                            04/04/2025 14:03:54 PAGE 3   

 115   4                                      break;  
 116   4                              }
 117   3                       }
 118   2                }                     
 119   1      }


MODULE INFORMATION:   STATIC OVERLAYABLE
   CODE SIZE        =    506    ----
   CONSTANT SIZE    =    206    ----
   XDATA SIZE       =   ----    ----
   PDATA SIZE       =   ----    ----
   DATA SIZE        =      6      42
   IDATA SIZE       =   ----    ----
   BIT SIZE         =   ----    ----
END OF MODULE INFORMATION.


C51 COMPILATION COMPLETE.  0 WARNING(S),  0 ERROR(S)
